(function() { this.JST || (this.JST = {}); this.JST["templates/jade"] = (function(jade) { function template(locals) {
  var buf = [];
  var jade_mixins = {};
  var jade_interp;

  buf.push("<div>Hello, Jade!</div>");;return buf.join("");
  }; return template; }).call(this, jade);;
}).call(this);
(function() { this.JST || (this.JST = {}); this.JST["templates/pug"] = (function() { function template(locals) {var pug_html = "", pug_mixins = {}, pug_interp;pug_html = pug_html + "\u003Cdiv\u003EHello, Pug!\u003C\u002Fdiv\u003E";;return pug_html;}; return template; }).call(this);;
}).call(this);
